// Jest Snapshot v1, https://goo.gl/fbAQLP

exports[`Product Search Component Snapshot of Product Search 1`] = `
ReactWrapper {
  "length": 1,
  Symbol(enzyme.__unrendered__): <Connect(ProductSearch)
    getReccomendationProductList={[Function]}
    searchProduct={[Function]}
    store={
        Object {
            "clearActions": [Function],
            "dispatch": [Function],
            "getActions": [Function],
            "getState": [Function],
            "replaceReducer": [Function],
            "subscribe": [Function],
          }
    }
>
    <ProductHeader />
    <ProductList />
    <Input
        type="text"
    />
</Connect(ProductSearch)>,
  Symbol(enzyme.__renderer__): Object {
    "batchedUpdates": [Function],
    "getNode": [Function],
    "render": [Function],
    "simulateEvent": [Function],
    "unmount": [Function],
  },
  Symbol(enzyme.__root__): [Circular],
  Symbol(enzyme.__node__): null,
  Symbol(enzyme.__nodes__): Array [
    null,
  ],
  Symbol(enzyme.__options__): Object {
    "adapter": ReactSixteenAdapter {
      "options": Object {
        "enableComponentDidUpdateOnSetState": true,
      },
    },
  },
}
`;
