// Jest Snapshot v1, https://goo.gl/fbAQLP

exports[`ProductHeader is defined should render inner component 1`] = `
ShallowWrapper {
  "length": 1,
  Symbol(enzyme.__root__): [Circular],
  Symbol(enzyme.__unrendered__): <ProductHeader
    subHeaderText="This is subheader text"
/>,
  Symbol(enzyme.__renderer__): Object {
    "batchedUpdates": [Function],
    "getNode": [Function],
    "render": [Function],
    "simulateEvent": [Function],
    "unmount": [Function],
  },
  Symbol(enzyme.__node__): Object {
    "instance": null,
    "key": undefined,
    "nodeType": "host",
    "props": Object {
      "children": Array [
        <Grid>
          <GridRow
                    style={
                              Object {
                                        "paddingLeft": 20,
                                      }
                    }
          >
                    <GridColumn
                              style={
                                        Object {
                                                  "float": "right",
                                                }
                              }
                              width={3}
                    >
                              <Image
                                        as="img"
                                        src="/assets/Walmart_Spark.png"
                                        style={
                                                  Object {
                                                            "float": "right",
                                                            "maxWidth": 60,
                                                            "textAlign": "right",
                                                          }
                                        }
                                        ui={true}
                              />
                    </GridColumn>
                    <GridColumn
                              width={13}
                    >
                              <div
                                        style={
                                                  Object {
                                                            "fontSize": 24,
                                                            "fontWeight": "bold",
                                                            "lineHeight": 1.2,
                                                            "paddingTop": 10,
                                                            "textAlign": "left",
                                                          }
                                        }
                              >
                                        Wallmart Products Warehouse
                              </div>
                              <div
                                        style={
                                                  Object {
                                                            "color": "#0071ce",
                                                            "fontSize": 18,
                                                            "textAlign": "left",
                                                          }
                                        }
                              >
                                        This is subheader text
                              </div>
                    </GridColumn>
          </GridRow>
</Grid>,
        <Divider />,
      ],
    },
    "ref": null,
    "rendered": Array [
      Object {
        "instance": null,
        "key": undefined,
        "nodeType": "function",
        "props": Object {
          "children": <GridRow
            style={
                        Object {
                                    "paddingLeft": 20,
                                  }
            }
>
            <GridColumn
                        style={
                                    Object {
                                                "float": "right",
                                              }
                        }
                        width={3}
            >
                        <Image
                                    as="img"
                                    src="/assets/Walmart_Spark.png"
                                    style={
                                                Object {
                                                            "float": "right",
                                                            "maxWidth": 60,
                                                            "textAlign": "right",
                                                          }
                                    }
                                    ui={true}
                        />
            </GridColumn>
            <GridColumn
                        width={13}
            >
                        <div
                                    style={
                                                Object {
                                                            "fontSize": 24,
                                                            "fontWeight": "bold",
                                                            "lineHeight": 1.2,
                                                            "paddingTop": 10,
                                                            "textAlign": "left",
                                                          }
                                    }
                        >
                                    Wallmart Products Warehouse
                        </div>
                        <div
                                    style={
                                                Object {
                                                            "color": "#0071ce",
                                                            "fontSize": 18,
                                                            "textAlign": "left",
                                                          }
                                    }
                        >
                                    This is subheader text
                        </div>
            </GridColumn>
</GridRow>,
        },
        "ref": null,
        "rendered": Object {
          "instance": null,
          "key": undefined,
          "nodeType": "function",
          "props": Object {
            "children": Array [
              <GridColumn
                style={
                                Object {
                                                "float": "right",
                                              }
                }
                width={3}
>
                <Image
                                as="img"
                                src="/assets/Walmart_Spark.png"
                                style={
                                                Object {
                                                                "float": "right",
                                                                "maxWidth": 60,
                                                                "textAlign": "right",
                                                              }
                                }
                                ui={true}
                />
</GridColumn>,
              <GridColumn
                width={13}
>
                <div
                                style={
                                                Object {
                                                                "fontSize": 24,
                                                                "fontWeight": "bold",
                                                                "lineHeight": 1.2,
                                                                "paddingTop": 10,
                                                                "textAlign": "left",
                                                              }
                                }
                >
                                Wallmart Products Warehouse
                </div>
                <div
                                style={
                                                Object {
                                                                "color": "#0071ce",
                                                                "fontSize": 18,
                                                                "textAlign": "left",
                                                              }
                                }
                >
                                This is subheader text
                </div>
</GridColumn>,
            ],
            "style": Object {
              "paddingLeft": 20,
            },
          },
          "ref": null,
          "rendered": Array [
            Object {
              "instance": null,
              "key": undefined,
              "nodeType": "function",
              "props": Object {
                "children": <Image
                  as="img"
                  src="/assets/Walmart_Spark.png"
                  style={
                                    Object {
                                                      "float": "right",
                                                      "maxWidth": 60,
                                                      "textAlign": "right",
                                                    }
                  }
                  ui={true}
/>,
                "style": Object {
                  "float": "right",
                },
                "width": 3,
              },
              "ref": null,
              "rendered": Object {
                "instance": null,
                "key": undefined,
                "nodeType": "function",
                "props": Object {
                  "as": "img",
                  "src": "/assets/Walmart_Spark.png",
                  "style": Object {
                    "float": "right",
                    "maxWidth": 60,
                    "textAlign": "right",
                  },
                  "ui": true,
                },
                "ref": null,
                "rendered": null,
                "type": [Function],
              },
              "type": [Function],
            },
            Object {
              "instance": null,
              "key": undefined,
              "nodeType": "function",
              "props": Object {
                "children": Array [
                  <div
                    style={
                                        Object {
                                                            "fontSize": 24,
                                                            "fontWeight": "bold",
                                                            "lineHeight": 1.2,
                                                            "paddingTop": 10,
                                                            "textAlign": "left",
                                                          }
                    }
>
                    Wallmart Products Warehouse
</div>,
                  <div
                    style={
                                        Object {
                                                            "color": "#0071ce",
                                                            "fontSize": 18,
                                                            "textAlign": "left",
                                                          }
                    }
>
                    This is subheader text
</div>,
                ],
                "width": 13,
              },
              "ref": null,
              "rendered": Array [
                Object {
                  "instance": null,
                  "key": undefined,
                  "nodeType": "host",
                  "props": Object {
                    "children": "Wallmart Products Warehouse",
                    "style": Object {
                      "fontSize": 24,
                      "fontWeight": "bold",
                      "lineHeight": 1.2,
                      "paddingTop": 10,
                      "textAlign": "left",
                    },
                  },
                  "ref": null,
                  "rendered": "Wallmart Products Warehouse",
                  "type": "div",
                },
                Object {
                  "instance": null,
                  "key": undefined,
                  "nodeType": "host",
                  "props": Object {
                    "children": "This is subheader text",
                    "style": Object {
                      "color": "#0071ce",
                      "fontSize": 18,
                      "textAlign": "left",
                    },
                  },
                  "ref": null,
                  "rendered": "This is subheader text",
                  "type": "div",
                },
              ],
              "type": [Function],
            },
          ],
          "type": [Function],
        },
        "type": [Function],
      },
      Object {
        "instance": null,
        "key": undefined,
        "nodeType": "function",
        "props": Object {},
        "ref": null,
        "rendered": null,
        "type": [Function],
      },
    ],
    "type": "div",
  },
  Symbol(enzyme.__nodes__): Array [
    Object {
      "instance": null,
      "key": undefined,
      "nodeType": "host",
      "props": Object {
        "children": Array [
          <Grid>
            <GridRow
                        style={
                                    Object {
                                                "paddingLeft": 20,
                                              }
                        }
            >
                        <GridColumn
                                    style={
                                                Object {
                                                            "float": "right",
                                                          }
                                    }
                                    width={3}
                        >
                                    <Image
                                                as="img"
                                                src="/assets/Walmart_Spark.png"
                                                style={
                                                            Object {
                                                                        "float": "right",
                                                                        "maxWidth": 60,
                                                                        "textAlign": "right",
                                                                      }
                                                }
                                                ui={true}
                                    />
                        </GridColumn>
                        <GridColumn
                                    width={13}
                        >
                                    <div
                                                style={
                                                            Object {
                                                                        "fontSize": 24,
                                                                        "fontWeight": "bold",
                                                                        "lineHeight": 1.2,
                                                                        "paddingTop": 10,
                                                                        "textAlign": "left",
                                                                      }
                                                }
                                    >
                                                Wallmart Products Warehouse
                                    </div>
                                    <div
                                                style={
                                                            Object {
                                                                        "color": "#0071ce",
                                                                        "fontSize": 18,
                                                                        "textAlign": "left",
                                                                      }
                                                }
                                    >
                                                This is subheader text
                                    </div>
                        </GridColumn>
            </GridRow>
</Grid>,
          <Divider />,
        ],
      },
      "ref": null,
      "rendered": Array [
        Object {
          "instance": null,
          "key": undefined,
          "nodeType": "function",
          "props": Object {
            "children": <GridRow
              style={
                            Object {
                                          "paddingLeft": 20,
                                        }
              }
>
              <GridColumn
                            style={
                                          Object {
                                                        "float": "right",
                                                      }
                            }
                            width={3}
              >
                            <Image
                                          as="img"
                                          src="/assets/Walmart_Spark.png"
                                          style={
                                                        Object {
                                                                      "float": "right",
                                                                      "maxWidth": 60,
                                                                      "textAlign": "right",
                                                                    }
                                          }
                                          ui={true}
                            />
              </GridColumn>
              <GridColumn
                            width={13}
              >
                            <div
                                          style={
                                                        Object {
                                                                      "fontSize": 24,
                                                                      "fontWeight": "bold",
                                                                      "lineHeight": 1.2,
                                                                      "paddingTop": 10,
                                                                      "textAlign": "left",
                                                                    }
                                          }
                            >
                                          Wallmart Products Warehouse
                            </div>
                            <div
                                          style={
                                                        Object {
                                                                      "color": "#0071ce",
                                                                      "fontSize": 18,
                                                                      "textAlign": "left",
                                                                    }
                                          }
                            >
                                          This is subheader text
                            </div>
              </GridColumn>
</GridRow>,
          },
          "ref": null,
          "rendered": Object {
            "instance": null,
            "key": undefined,
            "nodeType": "function",
            "props": Object {
              "children": Array [
                <GridColumn
                  style={
                                    Object {
                                                      "float": "right",
                                                    }
                  }
                  width={3}
>
                  <Image
                                    as="img"
                                    src="/assets/Walmart_Spark.png"
                                    style={
                                                      Object {
                                                                        "float": "right",
                                                                        "maxWidth": 60,
                                                                        "textAlign": "right",
                                                                      }
                                    }
                                    ui={true}
                  />
</GridColumn>,
                <GridColumn
                  width={13}
>
                  <div
                                    style={
                                                      Object {
                                                                        "fontSize": 24,
                                                                        "fontWeight": "bold",
                                                                        "lineHeight": 1.2,
                                                                        "paddingTop": 10,
                                                                        "textAlign": "left",
                                                                      }
                                    }
                  >
                                    Wallmart Products Warehouse
                  </div>
                  <div
                                    style={
                                                      Object {
                                                                        "color": "#0071ce",
                                                                        "fontSize": 18,
                                                                        "textAlign": "left",
                                                                      }
                                    }
                  >
                                    This is subheader text
                  </div>
</GridColumn>,
              ],
              "style": Object {
                "paddingLeft": 20,
              },
            },
            "ref": null,
            "rendered": Array [
              Object {
                "instance": null,
                "key": undefined,
                "nodeType": "function",
                "props": Object {
                  "children": <Image
                    as="img"
                    src="/assets/Walmart_Spark.png"
                    style={
                                        Object {
                                                            "float": "right",
                                                            "maxWidth": 60,
                                                            "textAlign": "right",
                                                          }
                    }
                    ui={true}
/>,
                  "style": Object {
                    "float": "right",
                  },
                  "width": 3,
                },
                "ref": null,
                "rendered": Object {
                  "instance": null,
                  "key": undefined,
                  "nodeType": "function",
                  "props": Object {
                    "as": "img",
                    "src": "/assets/Walmart_Spark.png",
                    "style": Object {
                      "float": "right",
                      "maxWidth": 60,
                      "textAlign": "right",
                    },
                    "ui": true,
                  },
                  "ref": null,
                  "rendered": null,
                  "type": [Function],
                },
                "type": [Function],
              },
              Object {
                "instance": null,
                "key": undefined,
                "nodeType": "function",
                "props": Object {
                  "children": Array [
                    <div
                      style={
                                            Object {
                                                                  "fontSize": 24,
                                                                  "fontWeight": "bold",
                                                                  "lineHeight": 1.2,
                                                                  "paddingTop": 10,
                                                                  "textAlign": "left",
                                                                }
                      }
>
                      Wallmart Products Warehouse
</div>,
                    <div
                      style={
                                            Object {
                                                                  "color": "#0071ce",
                                                                  "fontSize": 18,
                                                                  "textAlign": "left",
                                                                }
                      }
>
                      This is subheader text
</div>,
                  ],
                  "width": 13,
                },
                "ref": null,
                "rendered": Array [
                  Object {
                    "instance": null,
                    "key": undefined,
                    "nodeType": "host",
                    "props": Object {
                      "children": "Wallmart Products Warehouse",
                      "style": Object {
                        "fontSize": 24,
                        "fontWeight": "bold",
                        "lineHeight": 1.2,
                        "paddingTop": 10,
                        "textAlign": "left",
                      },
                    },
                    "ref": null,
                    "rendered": "Wallmart Products Warehouse",
                    "type": "div",
                  },
                  Object {
                    "instance": null,
                    "key": undefined,
                    "nodeType": "host",
                    "props": Object {
                      "children": "This is subheader text",
                      "style": Object {
                        "color": "#0071ce",
                        "fontSize": 18,
                        "textAlign": "left",
                      },
                    },
                    "ref": null,
                    "rendered": "This is subheader text",
                    "type": "div",
                  },
                ],
                "type": [Function],
              },
            ],
            "type": [Function],
          },
          "type": [Function],
        },
        Object {
          "instance": null,
          "key": undefined,
          "nodeType": "function",
          "props": Object {},
          "ref": null,
          "rendered": null,
          "type": [Function],
        },
      ],
      "type": "div",
    },
  ],
  Symbol(enzyme.__options__): Object {
    "adapter": ReactSixteenAdapter {
      "options": Object {
        "enableComponentDidUpdateOnSetState": true,
      },
    },
  },
}
`;
