// Jest Snapshot v1, https://goo.gl/fbAQLP

exports[`App is defined should render inner component 1`] = `
ShallowWrapper {
  "length": 1,
  Symbol(enzyme.__root__): [Circular],
  Symbol(enzyme.__unrendered__): <App />,
  Symbol(enzyme.__renderer__): Object {
    "batchedUpdates": [Function],
    "getNode": [Function],
    "render": [Function],
    "simulateEvent": [Function],
    "unmount": [Function],
  },
  Symbol(enzyme.__node__): Object {
    "instance": null,
    "key": undefined,
    "nodeType": "host",
    "props": Object {
      "children": <div>
        <Container
                style={
                        Object {
                                "alignItems": "center",
                                "height": "100%",
                                "justifyContent": "center",
                                "padding": 10,
                                "textAlign": "center",
                              }
                }
                textAlign="center"
        >
                <ProductHeader
                        subHeaderText="Please click on Start butoon to start."
                />
                <Image
                        as="img"
                        centered={true}
                        size="large"
                        src="/assets/wmt_h_r_c.jpg"
                        ui={true}
                />
                <Link
                        replace={false}
                        to="/products"
                >
                        <Button
                                as="button"
                                size="medium"
                        >
                                START
                        </Button>
                </Link>
        </Container>
</div>,
    },
    "ref": null,
    "rendered": Object {
      "instance": null,
      "key": undefined,
      "nodeType": "host",
      "props": Object {
        "children": <Container
          style={
                    Object {
                              "alignItems": "center",
                              "height": "100%",
                              "justifyContent": "center",
                              "padding": 10,
                              "textAlign": "center",
                            }
          }
          textAlign="center"
>
          <ProductHeader
                    subHeaderText="Please click on Start butoon to start."
          />
          <Image
                    as="img"
                    centered={true}
                    size="large"
                    src="/assets/wmt_h_r_c.jpg"
                    ui={true}
          />
          <Link
                    replace={false}
                    to="/products"
          >
                    <Button
                              as="button"
                              size="medium"
                    >
                              START
                    </Button>
          </Link>
</Container>,
      },
      "ref": null,
      "rendered": Object {
        "instance": null,
        "key": undefined,
        "nodeType": "function",
        "props": Object {
          "children": Array [
            <ProductHeader
              subHeaderText="Please click on Start butoon to start."
/>,
            <Image
              as="img"
              centered={true}
              size="large"
              src="/assets/wmt_h_r_c.jpg"
              ui={true}
/>,
            <Link
              replace={false}
              to="/products"
>
              <Button
                            as="button"
                            size="medium"
              >
                            START
              </Button>
</Link>,
          ],
          "style": Object {
            "alignItems": "center",
            "height": "100%",
            "justifyContent": "center",
            "padding": 10,
            "textAlign": "center",
          },
          "textAlign": "center",
        },
        "ref": null,
        "rendered": Array [
          Object {
            "instance": null,
            "key": undefined,
            "nodeType": "function",
            "props": Object {
              "subHeaderText": "Please click on Start butoon to start.",
            },
            "ref": null,
            "rendered": null,
            "type": [Function],
          },
          Object {
            "instance": null,
            "key": undefined,
            "nodeType": "function",
            "props": Object {
              "as": "img",
              "centered": true,
              "size": "large",
              "src": "/assets/wmt_h_r_c.jpg",
              "ui": true,
            },
            "ref": null,
            "rendered": null,
            "type": [Function],
          },
          Object {
            "instance": null,
            "key": undefined,
            "nodeType": "class",
            "props": Object {
              "children": <Button
                as="button"
                size="medium"
>
                START
</Button>,
              "replace": false,
              "to": "/products",
            },
            "ref": null,
            "rendered": Object {
              "instance": null,
              "key": undefined,
              "nodeType": "class",
              "props": Object {
                "as": "button",
                "children": "START",
                "size": "medium",
              },
              "ref": null,
              "rendered": "START",
              "type": [Function],
            },
            "type": [Function],
          },
        ],
        "type": [Function],
      },
      "type": "div",
    },
    "type": "div",
  },
  Symbol(enzyme.__nodes__): Array [
    Object {
      "instance": null,
      "key": undefined,
      "nodeType": "host",
      "props": Object {
        "children": <div>
          <Container
                    style={
                              Object {
                                        "alignItems": "center",
                                        "height": "100%",
                                        "justifyContent": "center",
                                        "padding": 10,
                                        "textAlign": "center",
                                      }
                    }
                    textAlign="center"
          >
                    <ProductHeader
                              subHeaderText="Please click on Start butoon to start."
                    />
                    <Image
                              as="img"
                              centered={true}
                              size="large"
                              src="/assets/wmt_h_r_c.jpg"
                              ui={true}
                    />
                    <Link
                              replace={false}
                              to="/products"
                    >
                              <Button
                                        as="button"
                                        size="medium"
                              >
                                        START
                              </Button>
                    </Link>
          </Container>
</div>,
      },
      "ref": null,
      "rendered": Object {
        "instance": null,
        "key": undefined,
        "nodeType": "host",
        "props": Object {
          "children": <Container
            style={
                        Object {
                                    "alignItems": "center",
                                    "height": "100%",
                                    "justifyContent": "center",
                                    "padding": 10,
                                    "textAlign": "center",
                                  }
            }
            textAlign="center"
>
            <ProductHeader
                        subHeaderText="Please click on Start butoon to start."
            />
            <Image
                        as="img"
                        centered={true}
                        size="large"
                        src="/assets/wmt_h_r_c.jpg"
                        ui={true}
            />
            <Link
                        replace={false}
                        to="/products"
            >
                        <Button
                                    as="button"
                                    size="medium"
                        >
                                    START
                        </Button>
            </Link>
</Container>,
        },
        "ref": null,
        "rendered": Object {
          "instance": null,
          "key": undefined,
          "nodeType": "function",
          "props": Object {
            "children": Array [
              <ProductHeader
                subHeaderText="Please click on Start butoon to start."
/>,
              <Image
                as="img"
                centered={true}
                size="large"
                src="/assets/wmt_h_r_c.jpg"
                ui={true}
/>,
              <Link
                replace={false}
                to="/products"
>
                <Button
                                as="button"
                                size="medium"
                >
                                START
                </Button>
</Link>,
            ],
            "style": Object {
              "alignItems": "center",
              "height": "100%",
              "justifyContent": "center",
              "padding": 10,
              "textAlign": "center",
            },
            "textAlign": "center",
          },
          "ref": null,
          "rendered": Array [
            Object {
              "instance": null,
              "key": undefined,
              "nodeType": "function",
              "props": Object {
                "subHeaderText": "Please click on Start butoon to start.",
              },
              "ref": null,
              "rendered": null,
              "type": [Function],
            },
            Object {
              "instance": null,
              "key": undefined,
              "nodeType": "function",
              "props": Object {
                "as": "img",
                "centered": true,
                "size": "large",
                "src": "/assets/wmt_h_r_c.jpg",
                "ui": true,
              },
              "ref": null,
              "rendered": null,
              "type": [Function],
            },
            Object {
              "instance": null,
              "key": undefined,
              "nodeType": "class",
              "props": Object {
                "children": <Button
                  as="button"
                  size="medium"
>
                  START
</Button>,
                "replace": false,
                "to": "/products",
              },
              "ref": null,
              "rendered": Object {
                "instance": null,
                "key": undefined,
                "nodeType": "class",
                "props": Object {
                  "as": "button",
                  "children": "START",
                  "size": "medium",
                },
                "ref": null,
                "rendered": "START",
                "type": [Function],
              },
              "type": [Function],
            },
          ],
          "type": [Function],
        },
        "type": "div",
      },
      "type": "div",
    },
  ],
  Symbol(enzyme.__options__): Object {
    "adapter": ReactSixteenAdapter {
      "options": Object {
        "enableComponentDidUpdateOnSetState": true,
      },
    },
  },
}
`;
